
 == Running tests == 
/usr/local/go/bin/go
?   	github.com/gtsteffaniak/filebrowser	[no test files]
?   	github.com/gtsteffaniak/filebrowser/auth	[no test files]
?   	github.com/gtsteffaniak/filebrowser/cmd	[no test files]
?   	github.com/gtsteffaniak/filebrowser/errors	[no test files]
?   	github.com/gtsteffaniak/filebrowser/files	[no test files]
=== RUN   TestFileCache
--- PASS: TestFileCache (0.00s)
PASS
ok  	github.com/gtsteffaniak/filebrowser/diskcache	(cached)
=== RUN   TestCommonPrefix
=== RUN   TestCommonPrefix/sub_folder
=== RUN   TestCommonPrefix/relative_path
=== RUN   TestCommonPrefix/no_common_path
=== RUN   TestCommonPrefix/same_lvl
--- PASS: TestCommonPrefix (0.00s)
    --- PASS: TestCommonPrefix/sub_folder (0.00s)
    --- PASS: TestCommonPrefix/relative_path (0.00s)
    --- PASS: TestCommonPrefix/no_common_path (0.00s)
    --- PASS: TestCommonPrefix/same_lvl (0.00s)
PASS
ok  	github.com/gtsteffaniak/filebrowser/fileutils	(cached)
?   	github.com/gtsteffaniak/filebrowser/settings	[no test files]
?   	github.com/gtsteffaniak/filebrowser/share	[no test files]
?   	github.com/gtsteffaniak/filebrowser/storage	[no test files]
?   	github.com/gtsteffaniak/filebrowser/storage/bolt	[no test files]
2023/09/02 13:07:17 Error opening YAML file: open filebrowser.yaml: no such file or directory
FAIL	github.com/gtsteffaniak/filebrowser/http	0.008s
=== RUN   TestService_Resize
=== RUN   TestService_Resize/convert_to_png
=== RUN   TestService_Resize/convert_to_tiff
=== RUN   TestService_Resize/resize_bmp
=== RUN   TestService_Resize/resize_with_medium_quality
=== RUN   TestService_Resize/resize_with_low_quality
=== RUN   TestService_Resize/get_thumbnail_from_file_with_APP0_JFIF
=== RUN   TestService_Resize/fill_upscale
=== RUN   TestService_Resize/fit_upscale
=== RUN   TestService_Resize/convert_to_gif
=== RUN   TestService_Resize/convert_to_bmp
=== RUN   TestService_Resize/resize_tiff
=== RUN   TestService_Resize/resize_with_high_quality
=== RUN   TestService_Resize/fill_downscale
=== RUN   TestService_Resize/keep_original_format
=== RUN   TestService_Resize/convert_to_unknown
=== RUN   TestService_Resize/get_thumbnail_from_file_without_APP0_JFIF
=== RUN   TestService_Resize/resize_for_higher_quality_levels
=== RUN   TestService_Resize/broken_file
=== RUN   TestService_Resize/fit_downscale
=== RUN   TestService_Resize/convert_to_jpeg
=== RUN   TestService_Resize/resize_png
=== RUN   TestService_Resize/resize_gif
=== RUN   TestService_Resize/resize_with_unknown_quality
=== RUN   TestService_Resize/resize_from_file_without_IFD1_thumbnail
--- PASS: TestService_Resize (1.36s)
    --- PASS: TestService_Resize/convert_to_png (0.01s)
    --- PASS: TestService_Resize/convert_to_tiff (0.01s)
    --- PASS: TestService_Resize/resize_bmp (0.01s)
    --- PASS: TestService_Resize/resize_with_medium_quality (0.01s)
    --- PASS: TestService_Resize/resize_with_low_quality (0.01s)
    --- PASS: TestService_Resize/get_thumbnail_from_file_with_APP0_JFIF (0.02s)
    --- PASS: TestService_Resize/fill_upscale (0.01s)
    --- PASS: TestService_Resize/fit_upscale (0.00s)
    --- PASS: TestService_Resize/convert_to_gif (0.01s)
    --- PASS: TestService_Resize/convert_to_bmp (0.01s)
    --- PASS: TestService_Resize/resize_tiff (0.01s)
    --- PASS: TestService_Resize/resize_with_high_quality (0.01s)
    --- PASS: TestService_Resize/fill_downscale (0.01s)
    --- PASS: TestService_Resize/keep_original_format (0.01s)
    --- PASS: TestService_Resize/convert_to_unknown (0.01s)
    --- PASS: TestService_Resize/get_thumbnail_from_file_without_APP0_JFIF (0.03s)
    --- PASS: TestService_Resize/resize_for_higher_quality_levels (0.03s)
    --- PASS: TestService_Resize/broken_file (0.00s)
    --- PASS: TestService_Resize/fit_downscale (0.01s)
    --- PASS: TestService_Resize/convert_to_jpeg (0.01s)
    --- PASS: TestService_Resize/resize_png (0.02s)
    --- PASS: TestService_Resize/resize_gif (0.02s)
    --- PASS: TestService_Resize/resize_with_unknown_quality (0.01s)
    --- PASS: TestService_Resize/resize_from_file_without_IFD1_thumbnail (1.09s)
=== RUN   TestService_FormatFromExtension
=== RUN   TestService_FormatFromExtension/gif
=== RUN   TestService_FormatFromExtension/tiff
=== RUN   TestService_FormatFromExtension/bmp
=== RUN   TestService_FormatFromExtension/unknown
=== RUN   TestService_FormatFromExtension/jpg
=== RUN   TestService_FormatFromExtension/jpeg
=== RUN   TestService_FormatFromExtension/png
--- PASS: TestService_FormatFromExtension (0.00s)
    --- PASS: TestService_FormatFromExtension/gif (0.00s)
    --- PASS: TestService_FormatFromExtension/tiff (0.00s)
    --- PASS: TestService_FormatFromExtension/bmp (0.00s)
    --- PASS: TestService_FormatFromExtension/unknown (0.00s)
    --- PASS: TestService_FormatFromExtension/jpg (0.00s)
    --- PASS: TestService_FormatFromExtension/jpeg (0.00s)
    --- PASS: TestService_FormatFromExtension/png (0.00s)
PASS
ok  	github.com/gtsteffaniak/filebrowser/img	(cached)
=== RUN   TestMatchHidden
--- PASS: TestMatchHidden (0.00s)
PASS
ok  	github.com/gtsteffaniak/filebrowser/rules	(cached)
2023/09/02 13:07:17 Error opening YAML file: open filebrowser.yaml: no such file or directory
FAIL	github.com/gtsteffaniak/filebrowser/runner	0.007s
=== RUN   TestParseSearch
--- PASS: TestParseSearch (0.00s)
PASS
ok  	github.com/gtsteffaniak/filebrowser/search	(cached)
?   	github.com/gtsteffaniak/filebrowser/version	[no test files]
testing: warning: no tests to run
PASS
ok  	github.com/gtsteffaniak/filebrowser/users	(cached) [no tests to run]
FAIL
